Available options:
1. Process test books (Romans and Acts)
2. Process full Bible (all 66 books)
3. Process specific book
Enter choice (1-3): 
Available versions:
FREE: KJV, WEB, ASV, BSB, CEV, FBV, GNV, DRA, BRS, LSV, MSG
PREMIUM (with subscription): NKJV, AMP, NLT
NOTE: NIV is not available through API.Bible
Enter versions to process (comma-separated, or 'all'): 
Processing versions: KJV, WEB, ASV, BSB, CEV, FBV, GNV, DRA, BRS, LSV, NKJV, AMP, NLT
Processing books: Genesis, Exodus, Leviticus, Numbers, Deuteronomy, Joshua, Judges, Ruth, 1 Samuel, 2 Samuel, 1 Kings, 2 Kings, 1 Chronicles, 2 Chronicles, Ezra, Nehemiah, Esther, Job, Psalms, Proverbs, Ecclesiastes, Song of Solomon, Isaiah, Jeremiah, Lamentations, Ezekiel, Daniel, Hosea, Joel, Amos, Obadiah, Jonah, Micah, Nahum, Habakkuk, Zephaniah, Haggai, Zechariah, Malachi, Matthew, Mark, Luke, John, Acts, Romans, 1 Corinthians, 2 Corinthians, Galatians, Ephesians, Philippians, Colossians, 1 Thessalonians, 2 Thessalonians, 1 Timothy, 2 Timothy, Titus, Philemon, Hebrews, James, 1 Peter, 2 Peter, 1 John, 2 John, 3 John, Jude, Revelation

Fetching metadata for KJV...
  King James (Authorised) Version
  Copyright: PUBLIC DOMAIN except in the United Kingdom, where a Crown Copyright applies to printing the KJV. See...

Processing Genesis for KJV...
  Fetching Genesis chapter 1...
  Requesting URL: https://rest.api.bible/v1/bibles/de4e12af7f28f599-02/chapters/GEN.1
  Saved: genesis_1.xml
  Fetching Genesis chapter 2...
  Requesting URL: https://rest.api.bible/v1/bibles/de4e12af7f28f599-02/chapters/GEN.2
  Saved: genesis_2.xml
  Fetching Genesis chapter 3...
  Requesting URL: https://rest.api.bible/v1/bibles/de4e12af7f28f599-02/chapters/GEN.3
  Saved: genesis_3.xml
  Fetching Genesis chapter 4...
  Requesting URL: https://rest.api.bible/v1/bibles/de4e12af7f28f599-02/chapters/GEN.4
  Saved: genesis_4.xml
  Fetching Genesis chapter 5...
  Requesting URL: https://rest.api.bible/v1/bibles/de4e12af7f28f599-02/chapters/GEN.5
  Saved: genesis_5.xml
  Fetching Genesis chapter 6...
  Requesting URL: https://rest.api.bible/v1/bibles/de4e12af7f28f599-02/chapters/GEN.6
  Saved: genesis_6.xml
  Fetching Genesis chapter 7...
  Requesting URL: https://rest.api.bible/v1/bibles/de4e12af7f28f599-02/chapters/GEN.7
  Saved: genesis_7.xml
  Fetching Genesis chapter 8...
  Requesting URL: https://rest.api.bible/v1/bibles/de4e12af7f28f599-02/chapters/GEN.8
  Saved: genesis_8.xml
  Fetching Genesis chapter 9...
  Requesting URL: https://rest.api.bible/v1/bibles/de4e12af7f28f599-02/chapters/GEN.9
  Saved: genesis_9.xml
  Fetching Genesis chapter 10...
  Requesting URL: https://rest.api.bible/v1/bibles/de4e12af7f28f599-02/chapters/GEN.10
  Saved: genesis_10.xml
  Fetching Genesis chapter 11...
  Requesting URL: https://rest.api.bible/v1/bibles/de4e12af7f28f599-02/chapters/GEN.11
  Saved: genesis_11.xml
  Fetching Genesis chapter 12...
  Requesting URL: https://rest.api.bible/v1/bibles/de4e12af7f28f599-02/chapters/GEN.12
  Saved: genesis_12.xml
  Fetching Genesis chapter 13...
  Requesting URL: https://rest.api.bible/v1/bibles/de4e12af7f28f599-02/chapters/GEN.13
  Saved: genesis_13.xml
  Fetching Genesis chapter 14...
  Requesting URL: https://rest.api.bible/v1/bibles/de4e12af7f28f599-02/chapters/GEN.14
  Saved: genesis_14.xml
  Fetching Genesis chapter 15...
  Requesting URL: https://rest.api.bible/v1/bibles/de4e12af7f28f599-02/chapters/GEN.15
  Saved: genesis_15.xml
  Fetching Genesis chapter 16...
  Requesting URL: https://rest.api.bible/v1/bibles/de4e12af7f28f599-02/chapters/GEN.16
  Saved: genesis_16.xml
  Fetching Genesis chapter 17...
  Requesting URL: https://rest.api.bible/v1/bibles/de4e12af7f28f599-02/chapters/GEN.17
  Saved: genesis_17.xml
  Fetching Genesis chapter 18...
  Requesting URL: https://rest.api.bible/v1/bibles/de4e12af7f28f599-02/chapters/GEN.18
  Saved: genesis_18.xml
  Fetching Genesis chapter 19...
  Requesting URL: https://rest.api.bible/v1/bibles/de4e12af7f28f599-02/chapters/GEN.19
  Saved: genesis_19.xml
  Fetching Genesis chapter 20...
  Requesting URL: https://rest.api.bible/v1/bibles/de4e12af7f28f599-02/chapters/GEN.20
  Saved: genesis_20.xml
  Fetching Genesis chapter 21...
  Requesting URL: https://rest.api.bible/v1/bibles/de4e12af7f28f599-02/chapters/GEN.21
  Saved: genesis_21.xml
  Fetching Genesis chapter 22...
  Requesting URL: https://rest.api.bible/v1/bibles/de4e12af7f28f599-02/chapters/GEN.22
  Saved: genesis_22.xml
  Fetching Genesis chapter 23...
  Requesting URL: https://rest.api.bible/v1/bibles/de4e12af7f28f599-02/chapters/GEN.23
  Saved: genesis_23.xml
  Fetching Genesis chapter 24...
  Requesting URL: https://rest.api.bible/v1/bibles/de4e12af7f28f599-02/chapters/GEN.24
  Saved: genesis_24.xml
  Fetching Genesis chapter 25...
  Requesting URL: https://rest.api.bible/v1/bibles/de4e12af7f28f599-02/chapters/GEN.25
  Saved: genesis_25.xml
  Fetching Genesis chapter 26...
  Requesting URL: https://rest.api.bible/v1/bibles/de4e12af7f28f599-02/chapters/GEN.26
  Saved: genesis_26.xml
  Fetching Genesis chapter 27...
  Requesting URL: https://rest.api.bible/v1/bibles/de4e12af7f28f599-02/chapters/GEN.27
  Saved: genesis_27.xml
  Fetching Genesis chapter 28...
  Requesting URL: https://rest.api.bible/v1/bibles/de4e12af7f28f599-02/chapters/GEN.28
  Saved: genesis_28.xml
  Fetching Genesis chapter 29...
  Requesting URL: https://rest.api.bible/v1/bibles/de4e12af7f28f599-02/chapters/GEN.29
  Saved: genesis_29.xml
  Fetching Genesis chapter 30...
  Requesting URL: https://rest.api.bible/v1/bibles/de4e12af7f28f599-02/chapters/GEN.30
  Saved: genesis_30.xml
  Fetching Genesis chapter 31...
  Requesting URL: https://rest.api.bible/v1/bibles/de4e12af7f28f599-02/chapters/GEN.31
  Saved: genesis_31.xml
  Fetching Genesis chapter 32...
  Requesting URL: https://rest.api.bible/v1/bibles/de4e12af7f28f599-02/chapters/GEN.32
  Saved: genesis_32.xml
  Fetching Genesis chapter 33...
  Requesting URL: https://rest.api.bible/v1/bibles/de4e12af7f28f599-02/chapters/GEN.33
  Saved: genesis_33.xml
  Fetching Genesis chapter 34...
  Requesting URL: https://rest.api.bible/v1/bibles/de4e12af7f28f599-02/chapters/GEN.34
  Saved: genesis_34.xml
  Fetching Genesis chapter 35...
  Requesting URL: https://rest.api.bible/v1/bibles/de4e12af7f28f599-02/chapters/GEN.35
  Saved: genesis_35.xml
  Fetching Genesis chapter 36...
  Requesting URL: https://rest.api.bible/v1/bibles/de4e12af7f28f599-02/chapters/GEN.36
  Saved: genesis_36.xml
  Fetching Genesis chapter 37...
  Requesting URL: https://rest.api.bible/v1/bibles/de4e12af7f28f599-02/chapters/GEN.37
  Saved: genesis_37.xml
  Fetching Genesis chapter 38...
  Requesting URL: https://rest.api.bible/v1/bibles/de4e12af7f28f599-02/chapters/GEN.38
  Saved: genesis_38.xml
  Fetching Genesis chapter 39...
  Requesting URL: https://rest.api.bible/v1/bibles/de4e12af7f28f599-02/chapters/GEN.39
  Saved: genesis_39.xml
  Fetching Genesis chapter 40...
  Requesting URL: https://rest.api.bible/v1/bibles/de4e12af7f28f599-02/chapters/GEN.40
  Saved: genesis_40.xml
  Fetching Genesis chapter 41...
  Requesting URL: https://rest.api.bible/v1/bibles/de4e12af7f28f599-02/chapters/GEN.41
  Saved: genesis_41.xml
  Fetching Genesis chapter 42...
  Requesting URL: https://rest.api.bible/v1/bibles/de4e12af7f28f599-02/chapters/GEN.42
  Saved: genesis_42.xml
  Fetching Genesis chapter 43...
  Requesting URL: https://rest.api.bible/v1/bibles/de4e12af7f28f599-02/chapters/GEN.43
  Saved: genesis_43.xml
  Fetching Genesis chapter 44...
  Requesting URL: https://rest.api.bible/v1/bibles/de4e12af7f28f599-02/chapters/GEN.44
  Saved: genesis_44.xml
  Fetching Genesis chapter 45...
  Requesting URL: https://rest.api.bible/v1/bibles/de4e12af7f28f599-02/chapters/GEN.45
  Saved: genesis_45.xml
  Fetching Genesis chapter 46...
  Requesting URL: https://rest.api.bible/v1/bibles/de4e12af7f28f599-02/chapters/GEN.46
  Saved: genesis_46.xml
  Fetching Genesis chapter 47...
  Requesting URL: https://rest.api.bible/v1/bibles/de4e12af7f28f599-02/chapters/GEN.47
  Saved: genesis_47.xml
  Fetching Genesis chapter 48...
  Requesting URL: https://rest.api.bible/v1/bibles/de4e12af7f28f599-02/chapters/GEN.48
  Saved: genesis_48.xml
  Fetching Genesis chapter 49...
  Requesting URL: https://rest.api.bible/v1/bibles/de4e12af7f28f599-02/chapters/GEN.49
  Saved: genesis_49.xml
  Fetching Genesis chapter 50...
  Requesting URL: https://rest.api.bible/v1/bibles/de4e12af7f28f599-02/chapters/GEN.50
  Saved: genesis_50.xml

Processing Exodus for KJV...
  Fetching Exodus chapter 1...
  Requesting URL: https://rest.api.bible/v1/bibles/de4e12af7f28f599-02/chapters/EXO.1